x\sos\addons\vests\data\first_vests\313ph4n7.png
x\sos\addons\vests\data\first_vests\activity.png
x\sos\addons\vests\data\first_vests\baedeker.png
x\sos\addons\vests\data\first_vests\bob.png
x\sos\addons\vests\data\first_vests\boone.png
x\sos\addons\vests\data\first_vests\catshannon.png
x\sos\addons\vests\data\first_vests\craneboy2.png
x\sos\addons\vests\data\first_vests\duralex.png
x\sos\addons\vests\data\first_vests\enquiringstone.png
x\sos\addons\vests\data\first_vests\flarmblarg.png
x\sos\addons\vests\data\first_vests\gosh.png
x\sos\addons\vests\data\first_vests\henri.png
x\sos\addons\vests\data\first_vests\lastwordz.png
x\sos\addons\vests\data\first_vests\legman.png
x\sos\addons\vests\data\first_vests\lsd.png
x\sos\addons\vests\data\first_vests\oshunai.png
x\sos\addons\vests\data\first_vests\plikins.png
x\sos\addons\vests\data\first_vests\rambo.png
x\sos\addons\vests\data\first_vests\sirwalrus.png
x\sos\addons\vests\data\first_vests\stretch.png
x\sos\addons\vests\data\first_vests\tadpole.png
x\sos\addons\vests\data\first_vests\tjb.png
x\sos\addons\vests\data\first_vests\tomcat.png
x\sos\addons\vests\data\first_vests\zarta.png
x\sos\addons\vests\data\second_vests\313ph4n7.png
x\sos\addons\vests\data\second_vests\activity.png
x\sos\addons\vests\data\second_vests\baedeker.png
x\sos\addons\vests\data\second_vests\bob.png
x\sos\addons\vests\data\second_vests\boone.png
x\sos\addons\vests\data\second_vests\chimpy.png
x\sos\addons\vests\data\second_vests\craneboy2.png
x\sos\addons\vests\data\second_vests\duralex.png
x\sos\addons\vests\data\second_vests\enquiringstone.png
x\sos\addons\vests\data\second_vests\gosh.png
x\sos\addons\vests\data\second_vests\henri.png
x\sos\addons\vests\data\second_vests\lastwordz.png
x\sos\addons\vests\data\second_vests\legman.png
x\sos\addons\vests\data\second_vests\lsd.png
x\sos\addons\vests\data\second_vests\oshunai.png
x\sos\addons\vests\data\second_vests\plikins.png
x\sos\addons\vests\data\second_vests\rambo.png
x\sos\addons\vests\data\second_vests\sirwalrus.png
x\sos\addons\vests\data\second_vests\stretch.png
x\sos\addons\vests\data\second_vests\tadpole.png
x\sos\addons\vests\data\second_vests\tjb.png
x\sos\addons\vests\data\second_vests\tomcat.png
x\sos\addons\vests\data\second_vests\zarta.png
x\sos\addons\vests\data\ui\sos-256a.png
